[2026-01-10T10:51:51.331Z] WARN: Utworzono początkowego użytkownika admin. Zmień hasło po pierwszym zalogowaniu. | ctx={"username":"admin","generatedPassword":"LQgESklrmHXN7lBW"}
[2026-01-10T10:51:51.332Z] ERROR: AppUserRepository.createInitialAdminIfEmpty failed
  Error: SQLITE_CONSTRAINT: UNIQUE constraint failed: app_users.username
  Stack: Error: SQLITE_CONSTRAINT: UNIQUE constraint failed: app_users.username
--> in Statement#run([
  'admin',
  'bcf9a47f4680b4cb6f421c50c8c1d3dc7cd7c0a7bd6f92d28af5a2598cb62a66'
], [Function: replacement])
    at Database.<anonymous> (/Users/marekkozniewski/Desktop/AI/AI-Admin/node_modules/sqlite3/lib/sqlite3.js:76:19)
    at Database.<anonymous> (/Users/marekkozniewski/Desktop/AI/AI-Admin/node_modules/sqlite3/lib/sqlite3.js:20:19)
    at /Users/marekkozniewski/Desktop/AI/AI-Admin/modules/database/database-config.js:86:12
    at new Promise (<anonymous>)
    at Object.run (/Users/marekkozniewski/Desktop/AI/AI-Admin/modules/database/database-config.js:85:14)
    at AppUserRepository.createInitialAdminIfEmpty (/Users/marekkozniewski/Desktop/AI/AI-Admin/modules/auth/app-user-repo.js:96:38)
    at async getContextOrBootstrap (/Users/marekkozniewski/Desktop/AI/AI-Admin/ui/electron-main.js:181:23)
    at async /Users/marekkozniewski/Desktop/AI/AI-Admin/ui/electron-main.js:208:19
[2026-01-10T10:51:51.333Z] ERROR: AppUserRepository.createInitialAdminIfEmpty failed
  Error: SQLITE_CONSTRAINT: UNIQUE constraint failed: app_users.username
  Stack: Error: SQLITE_CONSTRAINT: UNIQUE constraint failed: app_users.username
--> in Statement#run([
  'admin',
  '038b051b990d60dc97c53890a08ec56792a88b6abf043ddf6a5d84122a46f0b9'
], [Function: replacement])
    at Database.<anonymous> (/Users/marekkozniewski/Desktop/AI/AI-Admin/node_modules/sqlite3/lib/sqlite3.js:76:19)
    at Database.<anonymous> (/Users/marekkozniewski/Desktop/AI/AI-Admin/node_modules/sqlite3/lib/sqlite3.js:20:19)
    at /Users/marekkozniewski/Desktop/AI/AI-Admin/modules/database/database-config.js:86:12
    at new Promise (<anonymous>)
    at Object.run (/Users/marekkozniewski/Desktop/AI/AI-Admin/modules/database/database-config.js:85:14)
    at AppUserRepository.createInitialAdminIfEmpty (/Users/marekkozniewski/Desktop/AI/AI-Admin/modules/auth/app-user-repo.js:96:38)
    at async getContextOrBootstrap (/Users/marekkozniewski/Desktop/AI/AI-Admin/ui/electron-main.js:181:23)
    at async /Users/marekkozniewski/Desktop/AI/AI-Admin/ui/electron-main.js:208:19
[2026-01-10T10:51:51.334Z] ERROR: AppUserRepository.createInitialAdminIfEmpty failed
  Error: SQLITE_CONSTRAINT: UNIQUE constraint failed: app_users.username
  Stack: Error: SQLITE_CONSTRAINT: UNIQUE constraint failed: app_users.username
--> in Statement#run([
  'admin',
  '2729fe4cdbf70a10e3fc0661b7914503f5688767c631ed117be4fdd97986e5b3'
], [Function: replacement])
    at Database.<anonymous> (/Users/marekkozniewski/Desktop/AI/AI-Admin/node_modules/sqlite3/lib/sqlite3.js:76:19)
    at Database.<anonymous> (/Users/marekkozniewski/Desktop/AI/AI-Admin/node_modules/sqlite3/lib/sqlite3.js:20:19)
    at /Users/marekkozniewski/Desktop/AI/AI-Admin/modules/database/database-config.js:86:12
    at new Promise (<anonymous>)
    at Object.run (/Users/marekkozniewski/Desktop/AI/AI-Admin/modules/database/database-config.js:85:14)
    at AppUserRepository.createInitialAdminIfEmpty (/Users/marekkozniewski/Desktop/AI/AI-Admin/modules/auth/app-user-repo.js:96:38)
    at async getContextOrBootstrap (/Users/marekkozniewski/Desktop/AI/AI-Admin/ui/electron-main.js:181:23)
    at async /Users/marekkozniewski/Desktop/AI/AI-Admin/ui/electron-main.js:208:19
[2026-01-10T10:51:51.334Z] ERROR: AppUserRepository.createInitialAdminIfEmpty failed
  Error: SQLITE_CONSTRAINT: UNIQUE constraint failed: app_users.username
  Stack: Error: SQLITE_CONSTRAINT: UNIQUE constraint failed: app_users.username
--> in Statement#run([
  'admin',
  'c6246f588d46f4aa8ebb68a1bb1348d2b4b3bd5722760450e08a326cd902d16c'
], [Function: replacement])
    at Database.<anonymous> (/Users/marekkozniewski/Desktop/AI/AI-Admin/node_modules/sqlite3/lib/sqlite3.js:76:19)
    at Database.<anonymous> (/Users/marekkozniewski/Desktop/AI/AI-Admin/node_modules/sqlite3/lib/sqlite3.js:20:19)
    at /Users/marekkozniewski/Desktop/AI/AI-Admin/modules/database/database-config.js:86:12
    at new Promise (<anonymous>)
    at Object.run (/Users/marekkozniewski/Desktop/AI/AI-Admin/modules/database/database-config.js:85:14)
    at AppUserRepository.createInitialAdminIfEmpty (/Users/marekkozniewski/Desktop/AI/AI-Admin/modules/auth/app-user-repo.js:96:38)
    at async getContextOrBootstrap (/Users/marekkozniewski/Desktop/AI/AI-Admin/ui/electron-main.js:181:23)
    at async /Users/marekkozniewski/Desktop/AI/AI-Admin/ui/electron-main.js:208:19
[2026-01-10T11:07:59.185Z] WARN: Utworzono początkowego użytkownika admin. Zmień hasło po pierwszym zalogowaniu. | ctx={"username":"admin","generatedPassword":"QL-wNMa_xwAGP8ad"}
[2026-01-10T11:07:59.186Z] ERROR: AppUserRepository.createInitialAdminIfEmpty failed
  Error: SQLITE_CONSTRAINT: UNIQUE constraint failed: app_users.username
  Stack: Error: SQLITE_CONSTRAINT: UNIQUE constraint failed: app_users.username
--> in Statement#run([
  'admin',
  '95a0fccb8171fc89e76a1c84cb212f58f71d44348b51bf53bb7ce8cb72040ff9'
], [Function: replacement])
    at Database.<anonymous> (/Users/marekkozniewski/Desktop/AI/AI-Admin/node_modules/sqlite3/lib/sqlite3.js:76:19)
    at Database.<anonymous> (/Users/marekkozniewski/Desktop/AI/AI-Admin/node_modules/sqlite3/lib/sqlite3.js:20:19)
    at /Users/marekkozniewski/Desktop/AI/AI-Admin/modules/database/database-config.js:86:12
    at new Promise (<anonymous>)
    at Object.run (/Users/marekkozniewski/Desktop/AI/AI-Admin/modules/database/database-config.js:85:14)
    at AppUserRepository.createInitialAdminIfEmpty (/Users/marekkozniewski/Desktop/AI/AI-Admin/modules/auth/app-user-repo.js:96:38)
    at async getContextOrBootstrap (/Users/marekkozniewski/Desktop/AI/AI-Admin/ui/electron-main.js:181:23)
    at async /Users/marekkozniewski/Desktop/AI/AI-Admin/ui/electron-main.js:208:19
